node.exe : [1m[33m[33mÔû▓ 
[43;33m[[43;30mWARNING[43;33m][0m 
[1mNG8107: The left side of this optional 
chain operation does not include 'null' or 
'undefined' in its type, therefore the '?.' 
operator can be replaced with the '.' 
operator.[0m [1m[35m[plugin 
angular-compiler][0m
At C:\Program Files\nodejs\npm.ps1:29 char:3
+   & $NODE_EXE $NPM_CLI_JS $args
+   ~~~~~~~~~~~~~~~~~~~~~~~~~~~~~
    + CategoryInfo          : NotSpecified:  
   ([1m[33m[33mÔ...r-compiler][0m:Strin  
  g) [], RemoteException
    + FullyQualifiedErrorId : NativeCommandE 
   rror
 

    src/app/modules/admin/finance-management/
finance-management.component.html:459:35:
[37m      459 Ôöé             {{ 
selectedWithdrawal?.[32mclient[37m?.name 
|| "ÔÇö" }}
          ÔòÁ                                
    [32m~~~~~~[0m

  Error occurs in the template of component 
FinanceManagementComponent.

    src/app/modules/admin/finance-management/
finance-management.component.ts:91:15:
[37m      91 Ôöé   templateUrl: [32m'./fina
nce-management.component.html'[37m,
         ÔòÁ                [32m~~~~~~~~~~~~
~~~~~~~~~~~~~~~~~~~~~~~~~[0m


[33mÔû▓ 
[43;33m[[43;30mWARNING[43;33m][0m 
[1mNG8107: The left side of this optional 
chain operation does not include 'null' or 
'undefined' in its type, therefore the '?.' 
operator can be replaced with the '.' 
operator.[0m [1m[35m[plugin 
angular-compiler][0m

    src/app/modules/admin/finance-management/
finance-management.component.html:471:35:
[37m      471 Ôöé             {{ 
selectedWithdrawal?.[32mclient[37m?.email 
}}
          ÔòÁ                                
    [32m~~~~~~[0m

  Error occurs in the template of component 
FinanceManagementComponent.

    src/app/modules/admin/finance-management/
finance-management.component.ts:91:15:
[37m      91 Ôöé   templateUrl: [32m'./fina
nce-management.component.html'[37m,
         ÔòÁ                [32m~~~~~~~~~~~~
~~~~~~~~~~~~~~~~~~~~~~~~~[0m


[33mÔû▓ 
[43;33m[[43;30mWARNING[43;33m][0m 
[1mNG8107: The left side of this optional 
chain operation does not include 'null' or 
'undefined' in its type, therefore the '?.' 
operator can be replaced with the '.' 
operator.[0m [1m[35m[plugin 
angular-compiler][0m

    src/app/modules/admin/finance-management/
finance-management.component.html:480:35:
[37m      480 Ôöé             {{ selectedWit
hdrawal?.[32mclient[37m?.document }}
          ÔòÁ                                
    [32m~~~~~~[0m

  Error occurs in the template of component 
FinanceManagementComponent.

    src/app/modules/admin/finance-management/
finance-management.component.ts:91:15:
[37m      91 Ôöé   templateUrl: [32m'./fina
nce-management.component.html'[37m,
         ÔòÁ                [32m~~~~~~~~~~~~
~~~~~~~~~~~~~~~~~~~~~~~~~[0m


[33mÔû▓ 
[43;33m[[43;30mWARNING[43;33m][0m 
[1mNG8107: The left side of this optional 
chain operation does not include 'null' or 
'undefined' in its type, therefore the '?.' 
operator can be replaced with the '.' 
operator.[0m [1m[35m[plugin 
angular-compiler][0m

    src/app/modules/admin/finance-management/
finance-management.component.html:498:40:
[37m      498 Ôöé               Kz {{ 
selectedWithdrawal?.[32mamount[37m | 
number }}
          ÔòÁ                                
         [32m~~~~~~[0m

  Error occurs in the template of component 
FinanceManagementComponent.

    src/app/modules/admin/finance-management/
finance-management.component.ts:91:15:
[37m      91 Ôöé   templateUrl: [32m'./fina
nce-management.component.html'[37m,
         ÔòÁ                [32m~~~~~~~~~~~~
~~~~~~~~~~~~~~~~~~~~~~~~~[0m


[33mÔû▓ 
[43;33m[[43;30mWARNING[43;33m][0m 
[1mNG8107: The left side of this optional 
chain operation does not include 'null' or 
'undefined' in its type, therefore the '?.' 
operator can be replaced with the '.' 
operator.[0m [1m[35m[plugin 
angular-compiler][0m

    src/app/modules/admin/finance-management/
finance-management.component.html:515:51:
[37m      515 Ôöé               {{ getStatus
Text(selectedWithdrawal?.[32mstatus[37m ?? 
"") }}
          ÔòÁ                                
                    [32m~~~~~~[0m

  Error occurs in the template of component 
FinanceManagementComponent.

    src/app/modules/admin/finance-management/
finance-management.component.ts:91:15:
[37m      91 Ôöé   templateUrl: [32m'./fina
nce-management.component.html'[37m,
         ÔòÁ                [32m~~~~~~~~~~~~
~~~~~~~~~~~~~~~~~~~~~~~~~[0m


[33mÔû▓ 
[43;33m[[43;30mWARNING[43;33m][0m 
[1mNG8107: The left side of this optional 
chain operation does not include 'null' or 
'undefined' in its type, therefore the '?.' 
operator can be replaced with the '.' 
operator.[0m [1m[35m[plugin 
angular-compiler][0m

    src/app/modules/admin/finance-management/
finance-management.component.html:522:37:
[37m      522 Ôöé ...    {{ 
selectedWithdrawal?.[32mcreatedAt[37m | 
date : "dd/MM/yyyy HH:m...
          ÔòÁ                               
[32m~~~~~~~~~[0m

  Error occurs in the template of component 
FinanceManagementComponent.

    src/app/modules/admin/finance-management/
finance-management.component.ts:91:15:
[37m      91 Ôöé   templateUrl: [32m'./fina
nce-management.component.html'[37m,
         ÔòÁ                [32m~~~~~~~~~~~~
~~~~~~~~~~~~~~~~~~~~~~~~~[0m


[33mÔû▓ 
[43;33m[[43;30mWARNING[43;33m][0m 
[1mNG8107: The left side of this optional 
chain operation does not include 'null' or 
'undefined' in its type, therefore the '?.' 
operator can be replaced with the '.' 
operator.[0m [1m[35m[plugin 
angular-compiler][0m

    src/app/modules/admin/finance-management/
finance-management.component.html:532:37:
[37m      532 Ôöé ...   {{ 
selectedWithdrawal?.[32mprocessedAt[37m | 
date : "dd/MM/yyyy HH:...
          ÔòÁ                              
[32m~~~~~~~~~~~[0m

  Error occurs in the template of component 
FinanceManagementComponent.

    src/app/modules/admin/finance-management/
finance-management.component.ts:91:15:
[37m      91 Ôöé   templateUrl: [32m'./fina
nce-management.component.html'[37m,
         ÔòÁ                [32m~~~~~~~~~~~~
~~~~~~~~~~~~~~~~~~~~~~~~~[0m


[33mÔû▓ 
[43;33m[[43;30mWARNING[43;33m][0m 
[1mNG8107: The left side of this optional 
chain operation does not include 'null' or 
'undefined' in its type, therefore the '?.' 
operator can be replaced with the '.' 
operator.[0m [1m[35m[plugin 
angular-compiler][0m

    src/app/modules/admin/finance-management/
finance-management.component.html:552:37:
[37m      552 Ôöé               {{ 
selectedWithdrawal?.[32minfo[37m?.id || 
"ÔÇö" }}
          ÔòÁ                                
      [32m~~~~[0m

  Error occurs in the template of component 
FinanceManagementComponent.

    src/app/modules/admin/finance-management/
finance-management.component.ts:91:15:
[37m      91 Ôöé   templateUrl: [32m'./fina
nce-management.component.html'[37m,
         ÔòÁ                [32m~~~~~~~~~~~~
~~~~~~~~~~~~~~~~~~~~~~~~~[0m


[33mÔû▓ 
[43;33m[[43;30mWARNING[43;33m][0m 
[1mNG8107: The left side of this optional 
chain operation does not include 'null' or 
'undefined' in its type, therefore the '?.' 
operator can be replaced with the '.' 
operator.[0m [1m[35m[plugin 
angular-compiler][0m

    src/app/modules/admin/finance-management/
finance-management.component.html:562:39:
[37m      562 Ôöé                 {{ 
selectedWithdrawal?.[32minfo[37m?.bankName 
|| "ÔÇö" }}
          ÔòÁ                                
        [32m~~~~[0m

  Error occurs in the template of component 
FinanceManagementComponent.

    src/app/modules/admin/finance-management/
finance-management.component.ts:91:15:
[37m      91 Ôöé   templateUrl: [32m'./fina
nce-management.component.html'[37m,
         ÔòÁ                [32m~~~~~~~~~~~~
~~~~~~~~~~~~~~~~~~~~~~~~~[0m


[33mÔû▓ 
[43;33m[[43;30mWARNING[43;33m][0m 
[1mNG8107: The left side of this optional 
chain operation does not include 'null' or 
'undefined' in its type, therefore the '?.' 
operator can be replaced with the '.' 
operator.[0m [1m[35m[plugin 
angular-compiler][0m

    src/app/modules/admin/finance-management/
finance-management.component.html:571:39:
[37m      571 Ôöé                 {{ selecte
dWithdrawal?.[32minfo[37m?.accountName || 
"ÔÇö" }}
          ÔòÁ                                
        [32m~~~~[0m

  Error occurs in the template of component 
FinanceManagementComponent.

    src/app/modules/admin/finance-management/
finance-management.component.ts:91:15:
[37m      91 Ôöé   templateUrl: [32m'./fina
nce-management.component.html'[37m,
         ÔòÁ                [32m~~~~~~~~~~~~
~~~~~~~~~~~~~~~~~~~~~~~~~[0m


[33mÔû▓ 
[43;33m[[43;30mWARNING[43;33m][0m 
[1mNG8107: The left side of this optional 
chain operation does not include 'null' or 
'undefined' in its type, therefore the '?.' 
operator can be replaced with the '.' 
operator.[0m [1m[35m[plugin 
angular-compiler][0m

    src/app/modules/admin/finance-management/
finance-management.component.html:578:39:
[37m      578 Ôöé ...           {{ selectedW
ithdrawal?.[32minfo[37m?.accountNumber || 
"ÔÇö" }}
          ÔòÁ                                
      [32m~~~~[0m

  Error occurs in the template of component 
FinanceManagementComponent.

    src/app/modules/admin/finance-management/
finance-management.component.ts:91:15:
[37m      91 Ôöé   templateUrl: [32m'./fina
nce-management.component.html'[37m,
         ÔòÁ                [32m~~~~~~~~~~~~
~~~~~~~~~~~~~~~~~~~~~~~~~[0m


[33mÔû▓ 
[43;33m[[43;30mWARNING[43;33m][0m 
[1mNG8107: The left side of this optional 
chain operation does not include 'null' or 
'undefined' in its type, therefore the '?.' 
operator can be replaced with the '.' 
operator.[0m [1m[35m[plugin 
angular-compiler][0m

    src/app/modules/admin/finance-management/
finance-management.component.html:586:58:
[37m      586 Ôöé ...    getAccountTypeLabel
(selectedWithdrawal?.[32minfo[37m?.accountT
ype) ||
          ÔòÁ                                
                [32m~~~~[0m

  Error occurs in the template of component 
FinanceManagementComponent.

    src/app/modules/admin/finance-management/
finance-management.component.ts:91:15:
[37m      91 Ôöé   templateUrl: [32m'./fina
nce-management.component.html'[37m,
         ÔòÁ                [32m~~~~~~~~~~~~
~~~~~~~~~~~~~~~~~~~~~~~~~[0m


[33mÔû▓ 
[43;33m[[43;30mWARNING[43;33m][0m 
[1mNG8107: The left side of this optional 
chain operation does not include 'null' or 
'undefined' in its type, therefore the '?.' 
operator can be replaced with the '.' 
operator.[0m [1m[35m[plugin 
angular-compiler][0m

    src/app/modules/admin/finance-management/
finance-management.component.html:596:38:
[37m      596 Ôöé ...         selectedWithdr
awal?.[32minfo[37m?.isDefault ? "Padr├úo" 
: "Se...
          ÔòÁ                                
 [32m~~~~[0m

  Error occurs in the template of component 
FinanceManagementComponent.

    src/app/modules/admin/finance-management/
finance-management.component.ts:91:15:
[37m      91 Ôöé   templateUrl: [32m'./fina
nce-management.component.html'[37m,
         ÔòÁ                [32m~~~~~~~~~~~~
~~~~~~~~~~~~~~~~~~~~~~~~~[0m


[33mÔû▓ 
[43;33m[[43;30mWARNING[43;33m][0m 
[1mNG8107: The left side of this optional 
chain operation does not include 'null' or 
'undefined' in its type, therefore the '?.' 
operator can be replaced with the '.' 
operator.[0m [1m[35m[plugin 
angular-compiler][0m

    src/app/modules/admin/finance-management/
finance-management.component.html:605:39:
[37m      605 Ôöé                   (selecte
dWithdrawal?.[32minfo[37m?.createdAt
          ÔòÁ                                
        [32m~~~~[0m

  Error occurs in the template of component 
FinanceManagementComponent.

    src/app/modules/admin/finance-management/
finance-management.component.ts:91:15:
[37m      91 Ôöé   templateUrl: [32m'./fina
nce-management.component.html'[37m,
         ÔòÁ                [32m~~~~~~~~~~~~
~~~~~~~~~~~~~~~~~~~~~~~~~[0m


[33mÔû▓ 
[43;33m[[43;30mWARNING[43;33m][0m 
[1mNG8107: The left side of this optional 
chain operation does not include 'null' or 
'undefined' in its type, therefore the '?.' 
operator can be replaced with the '.' 
operator.[0m [1m[35m[plugin 
angular-compiler][0m

    src/app/modules/admin/finance-management/
finance-management.component.html:629:41:
[37m      629 Ôöé                   {{ 
selectedWithdrawal?.[32minfo[37m?.swift }}
          ÔòÁ                                
          [32m~~~~[0m

  Error occurs in the template of component 
FinanceManagementComponent.

    src/app/modules/admin/finance-management/
finance-management.component.ts:91:15:
[37m      91 Ôöé   templateUrl: [32m'./fina
nce-management.component.html'[37m,
         ÔòÁ                [32m~~~~~~~~~~~~
~~~~~~~~~~~~~~~~~~~~~~~~~[0m


[33mÔû▓ 
[43;33m[[43;30mWARNING[43;33m][0m 
[1mNG8107: The left side of this optional 
chain operation does not include 'null' or 
'undefined' in its type, therefore the '?.' 
operator can be replaced with the '.' 
operator.[0m [1m[35m[plugin 
angular-compiler][0m

    src/app/modules/admin/finance-management/
finance-management.component.html:638:41:
[37m      638 Ôöé                   {{ 
selectedWithdrawal?.[32minfo[37m?.iban }}
          ÔòÁ                                
          [32m~~~~[0m

  Error occurs in the template of component 
FinanceManagementComponent.

    src/app/modules/admin/finance-management/
finance-management.component.ts:91:15:
[37m      91 Ôöé   templateUrl: [32m'./fina
nce-management.component.html'[37m,
         ÔòÁ                [32m~~~~~~~~~~~~
~~~~~~~~~~~~~~~~~~~~~~~~~[0m


[33mÔû▓ 
[43;33m[[43;30mWARNING[43;33m][0m 
[1mNG8107: The left side of this optional 
chain operation does not include 'null' or 
'undefined' in its type, therefore the '?.' 
operator can be replaced with the '.' 
operator.[0m [1m[35m[plugin 
angular-compiler][0m

    src/app/modules/admin/finance-management/
finance-management.component.html:667:35:
[37m      667 Ôöé             {{ 
selectedWithdrawal?.[32mnotes[37m }}
          ÔòÁ                                
    [32m~~~~~[0m

  Error occurs in the template of component 
FinanceManagementComponent.

    src/app/modules/admin/finance-management/
finance-management.component.ts:91:15:
[37m      91 Ôöé   templateUrl: [32m'./fina
nce-management.component.html'[37m,
         ÔòÁ                [32m~~~~~~~~~~~~
~~~~~~~~~~~~~~~~~~~~~~~~~[0m


[33mÔû▓ 
[43;33m[[43;30mWARNING[43;33m][0m 
[1mNG8107: The left side of this optional 
chain operation does not include 'null' or 
'undefined' in its type, therefore the '?.' 
operator can be replaced with the '.' 
operator.[0m [1m[35m[plugin 
angular-compiler][0m

    src/app/modules/admin/finance-management/
finance-management.component.html:703:33:
[37m      703 Ôöé           {{ 
selectedWithdrawal?.[32mid[37m || "ÔÇö" }}
          ÔòÁ                                
  [32m~~[0m

  Error occurs in the template of component 
FinanceManagementComponent.

    src/app/modules/admin/finance-management/
finance-management.component.ts:91:15:
[37m      91 Ôöé   templateUrl: [32m'./fina
nce-management.component.html'[37m,
         ÔòÁ                [32m~~~~~~~~~~~~
~~~~~~~~~~~~~~~~~~~~~~~~~[0m

[39m[22m
[1m[31m[31mX 
[41;31m[[41;97mERROR[41;31m][0m [1mNG9: 
Property 'openSaleDetails' does not exist on 
type 'OrdersManagementComponent'.[0m 
[1m[35m[plugin angular-compiler][0m

    src/app/modules/admin/orders-management/o
rders-management.component.html:151:23:
[37m      151 Ôöé               
(click)="[32mopenSaleDetails[37m(o)"
          ÔòÁ                        
[32m~~~~~~~~~~~~~~~[0m

  Error occurs in the template of component 
OrdersManagementComponent.

    src/app/modules/admin/orders-management/o
rders-management.component.ts:37:15:
[37m      37 Ôöé   templateUrl: [32m'./orde
rs-management.component.html'[37m,
         ÔòÁ                
[32m~~~~~~~~~~~~~~~~~~~~~~~~~~~~~~~~~~~~[0m


[31mX [41;31m[[41;97mERROR[41;31m][0m 
[1mNG9: Property 'closeSaleDetails' does 
not exist on type 
'OrdersManagementComponent'.[0m 
[1m[35m[plugin angular-compiler][0m

    src/app/modules/admin/orders-management/o
rders-management.component.html:207:11:
[37m      207 Ôöé   
(close)="[32mcloseSaleDetails[37m()"
          ÔòÁ            
[32m~~~~~~~~~~~~~~~~[0m

  Error occurs in the template of component 
OrdersManagementComponent.

    src/app/modules/admin/orders-management/o
rders-management.component.ts:37:15:
[37m      37 Ôöé   templateUrl: [32m'./orde
rs-management.component.html'[37m,
         ÔòÁ                
[32m~~~~~~~~~~~~~~~~~~~~~~~~~~~~~~~~~~~~[0m

[39m[22m
